#-----------------------------------------------------------
# Vivado v2024.1 (64-bit)
# SW Build 5076996 on Wed May 22 18:37:14 MDT 2024
# IP Build 5075265 on Wed May 22 21:45:21 MDT 2024
# SharedData Build 5076995 on Wed May 22 18:29:18 MDT 2024
# Start of session at: Wed Feb 18 15:33:52 2026
# Process ID: 14552
# Current directory: D:/buck_conv/ip_controller/ipcore/controller_ip_v1_0/prj_ip
# Command line: vivado.exe -mode batch -notrace -source vivado_ip_package.tcl
# Log file: D:/buck_conv/ip_controller/ipcore/controller_ip_v1_0/prj_ip/vivado.log
# Journal file: D:/buck_conv/ip_controller/ipcore/controller_ip_v1_0/prj_ip\vivado.jou
# Running On        :KT
# Platform          :Windows Server 2016 or Windows 10
# Operating System  :26200
# Processor Detail  :11th Gen Intel(R) Core(TM) i5-1155G7 @ 2.50GHz
# CPU Frequency     :2496 MHz
# CPU Physical cores:4
# CPU Logical cores :8
# Host memory       :16917 MB
# Swap memory       :3682 MB
# Total Virtual     :20600 MB
# Available Virtual :1372 MB
#-----------------------------------------------------------
source vivado_ip_package.tcl -notrace
